SQL> create table customer(id number,name varchar2(10),age number,address varchar2(15),bill number)
  2  ;

Table created.

SQL> declare
  2  cid number;
  3  cname customer.name%type;
  4  caddr varchar2;
  5  cursor c_customer is select id,name,address from customer;
  6  begin
  7  open c_customer into cid,cname,caddr;
  8  exit when c_customer%notfound;
  9  dbms_output.put_line(cid||'  '||cname||'  '||caddr);
 10  end loop;
 11  close c_customer;
 12  end;
 13  /
open c_customer into cid,cname,caddr;
                *
ERROR at line 7:
ORA-06550: line 7, column 17: 
PLS-00103: Encountered the symbol "INTO" when expecting one of the following: 
. ( % ; for 
ORA-06550: line 11, column 1: 
PLS-00103: Encountered the symbol "CLOSE"  


SQL> ed
Wrote file afiedt.buf

  1  declare
  2  cid number;
  3  cname customer.name%type;
  4  caddr varchar2;
  5  cursor c_customer is select id,name,address from customer;
  6  begin
  7  open c_customer;
  8  loop
  9  fetch c_customer into cid,cname,caddr;
 10  exit when c_customer%notfound;
 11  dbms_output.put_line(cid||'  '||cname||'  '||caddr);
 12  end loop;
 13  close c_customer;
 14* end;
SQL> /
caddr varchar2;
      *
ERROR at line 4:
ORA-06550: line 4, column 7: 
PLS-00215: String length constraints must be in range (1 .. 32767) 


SQL> ed
Wrote file afiedt.buf

  1  declare
  2  cid number;
  3  cname customer.name%type;
  4  caddr customer.address%type;
  5  cursor c_customer is select id,name,address from customer;
  6  begin
  7  open c_customer;
  8  loop
  9  fetch c_customer into cid,cname,caddr;
 10  exit when c_customer%notfound;
 11  dbms_output.put_line(cid||'  '||cname||'  '||caddr);
 12  end loop;
 13  close c_customer;
 14* end;
SQL> /

PL/SQL procedure successfully completed.

SQL> insert all
  2  into customer values)
  3  
SQL> 
SQL> sdesc customer;
SP2-0734: unknown command beginning "sdesc cust..." - rest of line ignored.
SQL> desc customer;
 Name                                                                                                                                            Null?    Type
 ----------------------------------------------------------------------------------------------------------------------------------------------- -------- ------------------------------------------------------------------------------------------------
 ID                                                                                                                                                       NUMBER
 NAME                                                                                                                                                     VARCHAR2(10)
 AGE                                                                                                                                                      NUMBER
 ADDRESS                                                                                                                                                  VARCHAR2(15)
 BILL                                                                                                                                                     NUMBER

SQL> insert all
  2  into customer values (101,'ambani',52,'mumbai',650000);
into customer values (101,'ambani',52,'mumbai',650000)
                                                     *
ERROR at line 2:
ORA-00928: missing SELECT keyword 


SQL> ed
Wrote file afiedt.buf

  1  insert all
  2  into customer values (101,'ambani',52,'mumbai',650000)
  3  into customer values (102,'tata',22,'thane',880000)
  4  into customer values (103,'birla',62,'pune',930000)
  5  into customer values (104,'nita',32,'satara',410000)
  6  into customer values (105,'ratan',92,'dombiwali',340000)
  7* select * from dual
SQL> /

5 rows created.

SQL> create table customer(id number,name varchar2(10),age number,address varchar2(15),bill number)
  2  ;
create table customer(id number,name varchar2(10),age number,address varchar2(15),bill number)
             *
ERROR at line 1:
ORA-00955: name is already used by an existing object 


SQL> cursor c is select name from emp1;
SP2-0734: unknown command beginning "cursor c i..." - rest of line ignored.
SQL> declare
  2  cid number;
  3  cname customer.name%type;
  4  caddr varchar2;
  5  cursor c_customer is select id,name,address from customer;
  6  begin
  7  open c_customer into cid,cname,caddr;
  8  exit when c_customer%notfound;
  9  dbms_output.put_line(cid||'  '||cname||'  '||caddr);
 10  end loop;
 11  close c_customer;
 12  end;
 13  /
open c_customer into cid,cname,caddr;
                *
ERROR at line 7:
ORA-06550: line 7, column 17: 
PLS-00103: Encountered the symbol "INTO" when expecting one of the following: 
. ( % ; for 
ORA-06550: line 11, column 1: 
PLS-00103: Encountered the symbol "CLOSE"  


SQL> ed
Wrote file afiedt.buf

  1  declare
  2  cid number;
  3  cname customer.name%type;
  4  caddr varchar2(10);
  5  cursor c_customer is 
  6  select id,name,address from customer;
  7  begin
  8  open c_customer 
  9  loop
 10  fetch c_customer into cid,cname,caddr;
 11  exit when c_customer%notfound;
 12  dbms_output.put_line(cid||'  '||cname||'  '||caddr);
 13  end loop;
 14  close c_customer;
 15* end;
SQL> /
loop
*
ERROR at line 9:
ORA-06550: line 9, column 1: 
PLS-00103: Encountered the symbol "LOOP" when expecting one of the following: 
. ( % ; for 
The symbol "; was inserted before "LOOP" to continue. 
ORA-06550: line 14, column 1: 
PLS-00103: Encountered the symbol "CLOSE"  


SQL> ed
Wrote file afiedt.buf

  1  declare
  2  cid number;
  3  cname customer.name%type;
  4  caddr customer.address%type;
  5  cursor c_customer is 
  6  select id,name,address from customer;
  7  begin
  8  open c_customer 
  9  loop
 10  fetch c_customer into cid,cname,caddr;
 11  exit when c_customer%notfound;
 12  dbms_output.put_line(cid||'  '||cname||'  '||caddr);
 13  end loop;
 14  close c_customer;
 15* end;
SQL> /
loop
*
ERROR at line 9:
ORA-06550: line 9, column 1: 
PLS-00103: Encountered the symbol "LOOP" when expecting one of the following: 
. ( % ; for 
The symbol "; was inserted before "LOOP" to continue. 
ORA-06550: line 14, column 1: 
PLS-00103: Encountered the symbol "CLOSE"  


SQL> ed
Wrote file afiedt.buf

  1  declare
  2  cid number;
  3  cname customer.name%type;
  4  caddr customer.address%type;
  5  cursor c_customer is 
  6  select id,name,address from customer;
  7  begin
  8  open c_customer;
  9  loop
 10  fetch c_customer into cid,cname,caddr;
 11  exit when c_customer%notfound;
 12  dbms_output.put_line(cid||'  '||cname||'  '||caddr);
 13  end loop;
 14  close c_customer;
 15* end;
SQL> /
101  ambani  mumbai                                                                                                                                                                                                                                       
102  tata  thane                                                                                                                                                                                                                                          
103  birla  pune                                                                                                                                                                                                                                          
104  nita  satara                                                                                                                                                                                                                                         
105  ratan  dombiwali                                                                                                                                                                                                                                     

PL/SQL procedure successfully completed.

SQL> select * from customer;

        ID NAME              AGE ADDRESS               BILL                                                                                                                                                                                               
---------- ---------- ---------- --------------- ----------                                                                                                                                                                                               
       101 ambani             52 mumbai              650000                                                                                                                                                                                               
       102 tata               22 thane               880000                                                                                                                                                                                               
       103 birla              62 pune                930000                                                                                                                                                                                               
       104 nita               32 satara              410000                                                                                                                                                                                               
       105 ratan              92 dombiwali           340000                                                                                                                                                                                               

SQL> spool off;
